Creating an optimized production build...
Failed to compile.

[eslint] 
src\components\CategoryMaster.jsx
Syntax error: Expected corresponding JSX closing tag for <>. (459:6) (459:6)

src\components\ChitEntryMaster.jsx
Syntax error: Expected corresponding JSX closing tag for <>. (478:6) (478:6)

src\components\ChitPlanList.jsx
Syntax error: Expected corresponding JSX closing tag for <>. (366:6) (366:6)

src\components\ChitPlanMaster.jsx
Syntax error: Expected corresponding JSX closing tag for <>. (391:6) (391:6)

src\components\ChitPlans.jsx
Syntax error: Expected corresponding JSX closing tag for <>. (360:6) (360:6)

src\components\DispatchDepartment.jsx
Syntax error: Expected corresponding JSX closing tag for <>. (489:6) (489:6)

src\components\EditProfile.jsx
Syntax error: Expected corresponding JSX closing tag for <>. (526:6) (526:6)

src\components\PaymentMaster.jsx
Syntax error: Expected corresponding JSX closing tag for <>. (518:6) (518:6)

src\components\QuotationMaster.jsx
Syntax error: Expected corresponding JSX closing tag for <>. (735:6) (735:6)

src\components\SalesOrder.jsx
Syntax error: Expected corresponding JSX closing tag for <>. (513:6) (513:6)

src\components\Services.jsx
Syntax error: Expected corresponding JSX closing tag for <>. (535:6) (535:6)

src\components\StockInMaster.jsx
Syntax error: Expected corresponding JSX closing tag for <>. (409:6) (409:6)

src\components\StockOutMaster.jsx
Syntax error: Expected corresponding JSX closing tag for <>. (482:6) (482:6)

src\components\SupplierTransactionMaster.jsx
Syntax error: Expected corresponding JSX closing tag for <>. (237:6) (237:6)

src\components\TransactionProducts.jsx
Syntax error: Expected corresponding JSX closing tag for <>. (347:6) (347:6)

src\components\TransportMaster.jsx
Syntax error: Expected corresponding JSX closing tag for <>. (663:6) (663:6)


